

 <GENCASE>  Copyright (c) 2025 by Dr Jose M. Dominguez
 All rights reserved.

 GenCase is a free tool for DualSPHysics simulations.
 DualSPHysics project is an international collaboration between
 University of Vigo (Spain) and University of Manchester (UK).

 Redistribution and use in binary form, without modification, are
 permitted provided that the following conditions are met:
 * Redistributions in binary form must reproduce the above copyright
   notice, this list of conditions and the following disclaimer in the
   documentation and/or other materials provided with the distribution.
 * Redistributions or modifications of source code are not permitted 
   unless expressly authorised, and must retain the above copyright 
   notice, this list of conditions and the following disclaimer.
 * Neither the name of the GenCase nor the names of its contributors
   may be used to endorse or promote products derived from this software
   without specific prior written permission.

 THIS SOFTWARE IS PROVIDED BY THE COPYRIGHT HOLDERS AND CONTRIBUTORS "AS IS"
 AND ANY EXPRESS OR IMPLIED WARRANTIES, INCLUDING, BUT NOT LIMITED TO, THE
 IMPLIED WARRANTIES OF MERCHANTABILITY AND FITNESS FOR A PARTICULAR PURPOSE
 ARE DISCLAIMED. IN NO EVENT SHALL THE COPYRIGHT OWNER BE LIABLE FOR ANY
 DIRECT, INDIRECT, INCIDENTAL, SPECIAL, EXEMPLARY, OR CONSEQUENTIAL DAMAGES
 (INCLUDING, BUT NOT LIMITED TO, PROCUREMENT OF SUBSTITUTE GOODS OR SERVICES;
 LOSS OF USE, DATA, OR PROFITS; OR BUSINESS INTERRUPTION) HOWEVER CAUSED AND
 ON ANY THEORY OF LIABILITY, WHETHER IN CONTRACT, STRICT LIABILITY, OR TORT
 (INCLUDING NEGLIGENCE OR OTHERWISE) ARISING IN ANY WAY OUT OF THE USE OF
 THIS SOFTWARE, EVEN IF ADVISED OF THE POSSIBILITY OF SUCH DAMAGE.


GenCase v5.4.354.01 (07-04-2025)
=================================
OmpThreads: 16

[LoadXMLInit]
List: MAIN

Total operations: 20
[LoadXMLInit-End  time:0.000s]

[Draw]
List of available variables: Gravity_x=[0]  Gravity_y=[0]  Gravity_z=[-9.81]  Rhop0=[1000]  VResId=[0]  Dp=[0.1]  PosMin_x=[-1]  PosMin_y=[-1]  PosMin_z=[-0.467581]  PosMax_x=[28.2566]  PosMax_y=[24.9533]  PosMax_z=[3.7223]  CaseName=["HADR_TerrainChouldari"]  Data2D=[0]  Data2DPosy=[0]  H=[0.173205]  MassBound=[1]  MassFluid=[1]

Mk size: 1 bytes
Case limits: (-1,-1,-0.467581) - (28.2566,24.9533,3.7223)
Distance between points (Dp): 0.1
Case domain: (0,0,0)-(291,258,40)
Domain points: 292 x 259 x 41 = 3,100,748
Case parts: 1 x 41z
Memory: 0.00 GiB  2.96 MiB  (3,100,748)

> MAIN
<MAIN (Operations= 6+14+0 = 20)

Triangles: 2,740 (0 ignored)
[Draw-End  time:0.028s]

[LoadsXMLConfig]
Execution parameters.
Initials configuration.
Floating bodies configuration.
Properties configuration.
Predefined motion configuration.
[LoadsXMLConfig-End  time:0.000s]

[PreparePoints]
Computing Vtk-Cells data...  (time:0.014s)
BitSizeTot: 24 (2 + 9+8+5)
Points loaded: 66,225
Sorting points by Z...
Sorting points by Mk...
Computing Grid-points...  (time:0.004s)

List of Points:
Points -> Fixed-Boundary particles:
  block[  0] (mk: 10):  53991  -->   53991
  block[  1] (mk: 11):   1716  -->    1716
Points -> Moving-Boundary particles:
  block[  2] (mk:210):    660  -->     660
Points -> Fluid particles:
  block[  3] (mk:  1):   9858  -->    9858

Particle summary:
  Fixed....: 55,707  id:(0-55706)   MKs:2 (10-11)
  Moving...: 660  id:(55707-56366)   MKs:1 (210)
  Floating.: 0
  Fluid....: 9,858  id:(56367-66224)   MKs:1 (1)

Total particles: 66,225 (bound=56367 (fx=55707 mv=660 ft=0) fluid=9858)
Total MK blocks: 4 (bound=3 (fx=2 mv=1 ft=0) fluid=1)

Maximum depth: 0.8 (automatic)
Speed of system: 2.80143 (automatic)
Speed of sound: max(coefsound*speedsystem,10*sqrt(g*depth))
Speed of sound: 56.0286 max(56.0286,28.0143)
Speed of sound: 56.0286 (automatic)

Coefh:1.000000 (hdp:1.732051)

[PreparePoints-End  time:0.019s]

[SaveCase3D]
HADR_TerrainChouldari_out/HADR_TerrainChouldari_MkCells.vtk  (time:0.002s, shapes:21,674, points:86,696)
HADR_TerrainChouldari_out/HADR_TerrainChouldari.bi4<double>  (time:0.001s)
HADR_TerrainChouldari_out/HADR_TerrainChouldari_All.vtk  (time: 0.002s)
HADR_TerrainChouldari_out/HADR_TerrainChouldari_Bound.vtk  (time: 0.002s)
HADR_TerrainChouldari_out/HADR_TerrainChouldari_Fluid.vtk  (time: 0.001s)
HADR_TerrainChouldari_out/HADR_TerrainChouldari.xml  (time:0.001s)
 
Data file copied: HADR_TerrainChouldari_gate_motion.txt (xml row:176)
Data file copied: HADR_TerrainChouldari_gate_motion.txt (xml row:108)
Geometry file copied: chouldari_sph_terrain.stl (xml row:29)

Save files time: 0.009s

Particle limits:
  X range: 0 to 27.3 [m]
  Y range: 0 to 24 [m]
  Z range: 0.032419 to 2.03242 [m]

[SaveCase3D-End  time:0.016s]


Time of execution: 0.064 sec. (16 threads)

Finished execution (code=0).

